Command line invocation:
    /Applications/Xcode_16.4.app/Contents/Developer/usr/bin/xcodebuild archive -workspace ./AI_Art.xcworkspace -scheme AI_Art -configuration Release -destination generic/platform=iOS -archivePath /Users/runner/work/AI_Picture_Generator/AI_Picture_Generator/build.xcarchive

ComputePackagePrebuildTargetDependencyGraph

Prepare packages

CreateBuildRequest

SendProjectDescription

CreateBuildOperation

ComputeTargetDependencyGraph
note: Building targets in dependency order
note: Target dependency graph (6 targets)
    Target 'AI_Art' in project 'AI_Art'
        ➜ Implicit dependency on target 'Pods-AI_Art' in project 'Pods' via file 'Pods_AI_Art.framework' in build phase 'Link Binary'
        ➜ Implicit dependency on target 'WYYKit' in project 'Pods' via options '-framework WYYKit' in build setting 'OTHER_LDFLAGS'
    Target 'Pods-AI_Art' in project 'Pods'
        ➜ Explicit dependency on target 'UMAPM' in project 'Pods'
        ➜ Explicit dependency on target 'UMCommon' in project 'Pods'
        ➜ Explicit dependency on target 'UMDevice' in project 'Pods'
        ➜ Explicit dependency on target 'WYYKit' in project 'Pods'
    Target 'WYYKit' in project 'Pods'
        ➜ Explicit dependency on target 'UMAPM' in project 'Pods'
        ➜ Explicit dependency on target 'UMCommon' in project 'Pods'
        ➜ Explicit dependency on target 'UMDevice' in project 'Pods'
    Target 'UMAPM' in project 'Pods'
        ➜ Explicit dependency on target 'UMCommon' in project 'Pods'
    Target 'UMCommon' in project 'Pods'
        ➜ Explicit dependency on target 'UMDevice' in project 'Pods'
    Target 'UMDevice' in project 'Pods' (no dependencies)

GatherProvisioningInputs

CreateBuildDescription

ExecuteExternalTool /Applications/Xcode_16.4.app/Contents/Developer/Toolchains/XcodeDefault.xctoolchain/usr/bin/clang -v -E -dM -arch arm64 -isysroot /Applications/Xcode_16.4.app/Contents/Developer/Platforms/iPhoneOS.platform/Developer/SDKs/iPhoneOS18.5.sdk -x c -c /dev/null

ExecuteExternalTool /Applications/Xcode_16.4.app/Contents/Developer/Toolchains/XcodeDefault.xctoolchain/usr/bin/clang -v -E -dM -isysroot /Applications/Xcode_16.4.app/Contents/Developer/Platforms/iPhoneOS.platform/Developer/SDKs/iPhoneOS18.5.sdk -x c -c /dev/null

ExecuteExternalTool /Applications/Xcode_16.4.app/Contents/Developer/Toolchains/XcodeDefault.xctoolchain/usr/bin/clang -v -E -dM -arch arm64 -isysroot /Applications/Xcode_16.4.app/Contents/Developer/Platforms/iPhoneOS.platform/Developer/SDKs/iPhoneOS18.5.sdk -x objective-c -c /dev/null

ExecuteExternalTool /Applications/Xcode_16.4.app/Contents/Developer/usr/bin/actool --print-asset-tag-combinations --output-format xml1 /Users/runner/work/AI_Picture_Generator/AI_Picture_Generator/AI_Art/Resources/Assets.xcassets

ExecuteExternalTool /Applications/Xcode_16.4.app/Contents/Developer/Toolchains/XcodeDefault.xctoolchain/usr/bin/swiftc --version

ExecuteExternalTool /Applications/Xcode_16.4.app/Contents/Developer/Toolchains/XcodeDefault.xctoolchain/usr/bin/libtool -V

ExecuteExternalTool /Applications/Xcode_16.4.app/Contents/Developer/usr/bin/actool --version --output-format xml1

ExecuteExternalTool /Applications/Xcode_16.4.app/Contents/Developer/Toolchains/XcodeDefault.xctoolchain/usr/bin/ld -version_details

Build description signature: 1ddd32d1e755d2101caf32cac87d6a6d
Build description path: /Users/runner/Library/Developer/Xcode/DerivedData/AI_Art-chipgcezymjlyoaejmubumpofpmm/Build/Intermediates.noindex/ArchiveIntermediates/AI_Art/IntermediateBuildFilesPath/XCBuildData/1ddd32d1e755d2101caf32cac87d6a6d.xcbuilddata
note: Disabling previews because SWIFT_VERSION is set and SWIFT_OPTIMIZATION_LEVEL=-O, expected -Onone (in target 'UMDevice' from project 'Pods')
note: Disabling previews because SWIFT_VERSION is set and SWIFT_OPTIMIZATION_LEVEL=-O, expected -Onone (in target 'WYYKit' from project 'Pods')
note: Disabling previews because SWIFT_VERSION is set and SWIFT_OPTIMIZATION_LEVEL=-O, expected -Onone (in target 'Pods-AI_Art' from project 'Pods')
/Users/runner/work/AI_Picture_Generator/AI_Picture_Generator/AI_Art.xcodeproj: error: Provisioning profile "appstore-6758376460-20260401110530833" doesn't support the App Groups capability.  (in target 'AI_Art' from project 'AI_Art')
/Users/runner/work/AI_Picture_Generator/AI_Picture_Generator/AI_Art.xcodeproj: error: Provisioning profile "appstore-6758376460-20260401110530833" doesn't include the com.apple.security.application-groups entitlement. Profile qualification is using entitlement definitions that may be out of date. Connect to network to update. (in target 'AI_Art' from project 'AI_Art')
note: Disabling previews because SWIFT_VERSION is set and SWIFT_OPTIMIZATION_LEVEL=-O, expected -Onone (in target 'AI_Art' from project 'AI_Art')
note: Disabling previews because SWIFT_VERSION is set and SWIFT_OPTIMIZATION_LEVEL=-O, expected -Onone (in target 'UMCommon' from project 'Pods')
note: Disabling previews because SWIFT_VERSION is set and SWIFT_OPTIMIZATION_LEVEL=-O, expected -Onone (in target 'UMAPM' from project 'Pods')
** ARCHIVE FAILED **


The following build commands failed:
	Archiving workspace AI_Art with scheme AI_Art
(1 failure)
