Running altool at path '/Applications/Xcode_16.4.app/Contents/SharedFrameworks/ContentDeliveryServices.framework/Frameworks/AppStoreService.framework/Support/altool'...
2026-04-03 11:16:07.125 ERROR: [altool.6000032681C0] [ContentDelivery.Uploader.6000032681C0] Validation failed (409) Invalid Pre-Release Train. The train version '1.0.2' is closed for new build submissions (ID: 9cd12ef9-f108-40e8-ad90-8c8cef0d08dd)
2026-04-03 11:16:07.125 ERROR: [altool.6000032681C0] [ContentDelivery.Uploader.6000032681C0] Validation failed (409) This bundle is invalid. The value for key CFBundleShortVersionString [1.0.2] in the Info.plist file must contain a higher version than that of the previously approved version [1.0.3]. Please find more information about CFBundleShortVersionString at https://developer.apple.com/documentation/bundleresources/information_property_list/cfbundleshortversionstring (ID: 1fbf21b7-c820-41cc-b15f-b50f6808c43f)
2026-04-03 11:16:18.194  INFO: [altool.6000032681C0] [ContentDelivery.Uploader.6000032681C0] 
=======================================
UPLOAD FAILED with 2 errors, 0 warnings, 0 messages
=======================================
2026-04-03 11:16:18.196 ERROR: [altool.6000032681C0] Error uploading 'AI_Art.ipa/AI_Art.ipa'.
2026-04-03 11:16:18.196 ERROR: [altool.6000032681C0] Validation failed Invalid Pre-Release Train. The train version '1.0.2' is closed for new build submissions (ID: 9cd12ef9-f108-40e8-ad90-8c8cef0d08dd) (409)
 {
    NSLocalizedDescription = "Validation failed";
    NSLocalizedFailureReason = "Invalid Pre-Release Train. The train version '1.0.2' is closed for new build submissions (ID: 9cd12ef9-f108-40e8-ad90-8c8cef0d08dd)";
    NSUnderlyingError = "Error Domain=IrisAPI Code=-19241 \"Validation failed\" UserInfo={status=409, detail=Invalid Pre-Release Train. The train version '1.0.2' is closed for new build submissions, id=9cd12ef9-f108-40e8-ad90-8c8cef0d08dd, code=STATE_ERROR.VALIDATION_ERROR, title=Validation failed, NSLocalizedFailureReason=Invalid Pre-Release Train. The train version '1.0.2' is closed for new build submissions, NSLocalizedDescription=Validation failed}";
    "iris-code" = "STATE_ERROR.VALIDATION_ERROR";
}
2026-04-03 11:16:18.197 ERROR: [altool.6000032681C0] Validation failed This bundle is invalid. The value for key CFBundleShortVersionString [1.0.2] in the Info.plist file must contain a higher version than that of the previously approved version [1.0.3]. Please find more information about CFBundleShortVersionString at https://developer.apple.com/documentation/bundleresources/information_property_list/cfbundleshortversionstring (ID: 1fbf21b7-c820-41cc-b15f-b50f6808c43f) (409)
 {
    NSLocalizedDescription = "Validation failed";
    NSLocalizedFailureReason = "This bundle is invalid. The value for key CFBundleShortVersionString [1.0.2] in the Info.plist file must contain a higher version than that of the previously approved version [1.0.3]. Please find more information about CFBundleShortVersionString at https://developer.apple.com/documentation/bundleresources/information_property_list/cfbundleshortversionstring (ID: 1fbf21b7-c820-41cc-b15f-b50f6808c43f)";
    NSUnderlyingError = "Error Domain=IrisAPI Code=-19241 \"Validation failed\" UserInfo={status=409, detail=This bundle is invalid. The value for key CFBundleShortVersionString [1.0.2] in the Info.plist file must contain a higher version than that of the previously approved version [1.0.3]. Please find more information about CFBundleShortVersionString at https://developer.apple.com/documentation/bundleresources/information_property_list/cfbundleshortversionstring, id=1fbf21b7-c820-41cc-b15f-b50f6808c43f, code=STATE_ERROR.VALIDATION_ERROR, title=Validation failed, NSLocalizedFailureReason=This bundle is invalid. The value for key CFBundleShortVersionString [1.0.2] in the Info.plist file must contain a higher version than that of the previously approved version [1.0.3]. Please find more information about CFBundleShortVersionString at https://developer.apple.com/documentation/bundleresources/information_property_list/cfbundleshortversionstring, NSLocalizedDescription=Validation failed}";
    "iris-code" = "STATE_ERROR.VALIDATION_ERROR";
}
