Running altool at path '/Applications/Xcode_16.4.app/Contents/SharedFrameworks/ContentDeliveryServices.framework/Frameworks/AppStoreService.framework/Support/altool'...
2026-03-25 05:54:08.281 ERROR: [altool.6000029FC1C0] [ContentDelivery.Uploader.6000029FC1C0] Validation failed (409) Invalid Version. The build with the version “1.0.1” can’t be imported because a later version has been closed for new build submissions. Choose a different version number. (ID: d656bf7b-800e-4095-b37b-bfa13511918d)
2026-03-25 05:54:08.281 ERROR: [altool.6000029FC1C0] [ContentDelivery.Uploader.6000029FC1C0] Validation failed (409) Invalid Pre-Release Train. The train version '1.0.0' is closed for new build submissions (ID: 77f6946d-0869-4ae1-b413-299e5aa6deb3)
2026-03-25 05:54:08.282 ERROR: [altool.6000029FC1C0] [ContentDelivery.Uploader.6000029FC1C0] Validation failed (409) This bundle is invalid. The value for key CFBundleShortVersionString [1.0.0] in the Info.plist file must contain a higher version than that of the previously approved version [1.0.1]. Please find more information about CFBundleShortVersionString at https://developer.apple.com/documentation/bundleresources/information_property_list/cfbundleshortversionstring (ID: f7d4f643-837d-4047-93ba-fb918bb1ed09)
2026-03-25 05:54:20.053  INFO: [altool.6000029FC1C0] [ContentDelivery.Uploader.6000029FC1C0] 
=======================================
UPLOAD FAILED with 3 errors, 0 warnings, 0 messages
=======================================
2026-03-25 05:54:20.057 ERROR: [altool.6000029FC1C0] Error uploading 'AlbumManager.ipa/AlbumManager.ipa'.
2026-03-25 05:54:20.057 ERROR: [altool.6000029FC1C0] Validation failed Invalid Version. The build with the version “1.0.1” can’t be imported because a later version has been closed for new build submissions. Choose a different version number. (ID: d656bf7b-800e-4095-b37b-bfa13511918d) (409)
 {
    NSLocalizedDescription = "Validation failed";
    NSLocalizedFailureReason = "Invalid Version. The build with the version \U201c1.0.1\U201d can\U2019t be imported because a later version has been closed for new build submissions. Choose a different version number. (ID: d656bf7b-800e-4095-b37b-bfa13511918d)";
    NSUnderlyingError = "Error Domain=IrisAPI Code=-19241 \"Validation failed\" UserInfo={status=409, detail=Invalid Version. The build with the version \U201c1.0.1\U201d can\U2019t be imported because a later version has been closed for new build submissions. Choose a different version number., id=d656bf7b-800e-4095-b37b-bfa13511918d, code=STATE_ERROR.VALIDATION_ERROR, title=Validation failed, NSLocalizedFailureReason=Invalid Version. The build with the version \U201c1.0.1\U201d can\U2019t be imported because a later version has been closed for new build submissions. Choose a different version number., NSLocalizedDescription=Validation failed}";
    "iris-code" = "STATE_ERROR.VALIDATION_ERROR";
}
2026-03-25 05:54:20.057 ERROR: [altool.6000029FC1C0] Validation failed Invalid Pre-Release Train. The train version '1.0.0' is closed for new build submissions (ID: 77f6946d-0869-4ae1-b413-299e5aa6deb3) (409)
 {
    NSLocalizedDescription = "Validation failed";
    NSLocalizedFailureReason = "Invalid Pre-Release Train. The train version '1.0.0' is closed for new build submissions (ID: 77f6946d-0869-4ae1-b413-299e5aa6deb3)";
    NSUnderlyingError = "Error Domain=IrisAPI Code=-19241 \"Validation failed\" UserInfo={status=409, detail=Invalid Pre-Release Train. The train version '1.0.0' is closed for new build submissions, id=77f6946d-0869-4ae1-b413-299e5aa6deb3, code=STATE_ERROR.VALIDATION_ERROR, title=Validation failed, NSLocalizedFailureReason=Invalid Pre-Release Train. The train version '1.0.0' is closed for new build submissions, NSLocalizedDescription=Validation failed}";
    "iris-code" = "STATE_ERROR.VALIDATION_ERROR";
}
2026-03-25 05:54:20.057 ERROR: [altool.6000029FC1C0] Validation failed This bundle is invalid. The value for key CFBundleShortVersionString [1.0.0] in the Info.plist file must contain a higher version than that of the previously approved version [1.0.1]. Please find more information about CFBundleShortVersionString at https://developer.apple.com/documentation/bundleresources/information_property_list/cfbundleshortversionstring (ID: f7d4f643-837d-4047-93ba-fb918bb1ed09) (409)
 {
    NSLocalizedDescription = "Validation failed";
    NSLocalizedFailureReason = "This bundle is invalid. The value for key CFBundleShortVersionString [1.0.0] in the Info.plist file must contain a higher version than that of the previously approved version [1.0.1]. Please find more information about CFBundleShortVersionString at https://developer.apple.com/documentation/bundleresources/information_property_list/cfbundleshortversionstring (ID: f7d4f643-837d-4047-93ba-fb918bb1ed09)";
    NSUnderlyingError = "Error Domain=IrisAPI Code=-19241 \"Validation failed\" UserInfo={status=409, detail=This bundle is invalid. The value for key CFBundleShortVersionString [1.0.0] in the Info.plist file must contain a higher version than that of the previously approved version [1.0.1]. Please find more information about CFBundleShortVersionString at https://developer.apple.com/documentation/bundleresources/information_property_list/cfbundleshortversionstring, id=f7d4f643-837d-4047-93ba-fb918bb1ed09, code=STATE_ERROR.VALIDATION_ERROR, title=Validation failed, NSLocalizedFailureReason=This bundle is invalid. The value for key CFBundleShortVersionString [1.0.0] in the Info.plist file must contain a higher version than that of the previously approved version [1.0.1]. Please find more information about CFBundleShortVersionString at https://developer.apple.com/documentation/bundleresources/information_property_list/cfbundleshortversionstring, NSLocalizedDescription=Validation failed}";
    "iris-code" = "STATE_ERROR.VALIDATION_ERROR";
}
